// Jest Snapshot v1, https://goo.gl/fbAQLP

exports[`Functional test Snapshot testing 1`] = `
<footer>
  <div>
    <hr />
    Â© Developer Funnel
  </div>
</footer>
`;
